7
7 6 6 8 3 2 2
1 8 9 25 26 27 34
2 7 10 24 28 33
3 6 11 23 29 32
4 5 12 14 21 22 30 31
13 15 20
16 19
17 18
