8
9 9 6 7 6 6 4 4
1 9 34 35 36 38 39 50 51
2 7 8 10 32 33 37 48 49
3 6 11 31 46 47
4 5 12 13 14 44 45
15 16 21 22 30 40
17 18 19 23 29 41
20 24 28 42
25 26 27 43
